[{"title":"module-1","to":"/test/out/default/module-1/","collapsible":true,"items":[{"title":"Classes","collapsible":true,"items":[{"title":"ClassA","to":"/test/out/default/module-1/classes/ClassA.md"},{"title":"ClassB","to":"/test/out/default/module-1/classes/ClassB.md"}]},{"title":"Interfaces","collapsible":true,"items":[{"title":"InterfaceA","to":"/test/out/default/module-1/interfaces/InterfaceA.md"},{"title":"InterfaceB","to":"/test/out/default/module-1/interfaces/InterfaceB.md"}]}]},{"title":"module-2","to":"/test/out/default/module-2/","collapsible":true,"items":[{"title":"Classes","collapsible":true,"items":[{"title":"ClassA","to":"/test/out/default/module-2/classes/ClassA.md"},{"title":"ClassB","to":"/test/out/default/module-2/classes/ClassB.md"}]},{"title":"Interfaces","collapsible":true,"items":[{"title":"InterfaceA","to":"/test/out/default/module-2/interfaces/InterfaceA.md"},{"title":"InterfaceB","to":"/test/out/default/module-2/interfaces/InterfaceB.md"}]}]}]